[stderr] INFO:     Started server process [23818]
[stderr] INFO:     Waiting for application startup.
[stderr] INFO:     Application startup complete.
[stderr] INFO:     Uvicorn running on http://127.0.0.1:8765 (Press CTRL+C to quit)
INFO:     127.0.0.1:62785 - "GET /health HTTP/1.1" 200 OK
[stderr] INFO:     ('127.0.0.1', 62786) - "WebSocket /ws" [accepted]
[stderr] 2026-09-20 10:12:05 INFO     [codeboarding_pro.ws.server:258] WebSocket connected: session 5fc6656c-8ee2-4049-b205-d9e170c8687a
[stderr] INFO:     connection open
[stderr] 2026-09-20 10:12:05 INFO     [tool_registry.manifest:309] has_required_tools: csharp unavailable (dotnet missing); skipping check
[stderr] 2026-09-20 10:12:05 INFO     [codeboarding_pro.lsp.bootstrap:56] LSP startup attempt 1/3
[stderr] 2026-09-20 10:12:05 INFO     [codeboarding_pro.session:183] Session 5fc6656c-8ee2-4049-b205-d9e170c8687a initialized: repo=/Users/namanjindal/Documents/pw/fsd-jan-26/study-next, project=study-next, output=/Users/namanjindal/Documents/pw/fsd-jan-26/study-next/.codeboarding
[stderr] 2026-09-20 10:12:07 INFO     [static_analyzer.typescript_config_scanner:96] Found 1 TypeScript project(s) in repository (5 total files across all projects)
[stderr] 2026-09-20 10:12:07 INFO     [static_analyzer:198] Creating engine config for TypeScript at repo root (5 files across 1 tsconfig project(s): .)
[stderr] 2026-09-20 10:12:15 INFO     [static_analyzer:208] Adding 18 family file(s) claimed by no tsconfig
[stderr] 2026-09-20 10:12:15 INFO     [static_analyzer:450] Starting engine LSP client for TypeScript at /Users/namanjindal/Documents/pw/fsd-jan-26/study-next
[stderr] 2026-09-20 10:12:15 INFO     [static_analyzer:472] TypeScript LSP start: 0.2s
[stderr] 2026-09-20 10:12:15 INFO     [codeboarding_pro.file_monitor:106] FileMonitor started for /Users/namanjindal/Documents/pw/fsd-jan-26/study-next
[stderr] 2026-09-20 10:12:15 INFO     [codeboarding_pro.session:202] Session 5fc6656c-8ee2-4049-b205-d9e170c8687a: FileMonitor activated
[stderr] 2026-09-20 10:12:15 INFO     [codeboarding_pro.session:243] Session 5fc6656c-8ee2-4049-b205-d9e170c8687a: LSP wiring complete
[stderr] 2026-09-20 10:12:15 INFO     [codeboarding_pro.lsp.bootstrap:67] LSP clients started successfully (attempt 1)
